[citwabbnk.online/01-2/index.html]
[backblue.gif]
[fade.gif]
[index.html]
[citwabbnk.online/wp-content/themes/astra/assets/css/minified/main.min1849.css]
[websitedemos.net/yoga-instructor-02/wp-content/uploads/sites/286/2019/12/footer-img-05.jpg]
[citwabbnk.online/wp-content/plugins/elementor/assets/css/frontend-lite.min3cad.css]
[citwabbnk.online/wp-content/plugins/elementor/assets/lib/swiper/v8/css/swiper.min94a4.css]
[citwabbnk.online/wp-content/uploads/elementor/css/post-726ffa6.css]
[citwabbnk.online/wp-content/plugins/pro-elements/assets/css/frontend-lite.min5829.css]
[citwabbnk.online/wp-content/plugins/elementor/assets/lib/font-awesome/css/all.min3cad.css]
[citwabbnk.online/wp-content/plugins/elementor/assets/lib/font-awesome/css/v4-shims.min3cad.css]
[citwabbnk.online/wp-content/uploads/elementor/css/post-1085dfe1.css]
[citwabbnk.online/wp-content/plugins/elementor/assets/lib/font-awesome/js/v4-shims.min3cad.js]
[citwabbnk.online/wp-content/uploads/2024/06/Citibank-Logo-500x281-1.png]
[citwabbnk.online/wp-content/themes/astra/assets/js/minified/frontend.min1849.js]
[citwabbnk.online/wp-includes/js/dist/vendor/wp-polyfill-inert.min0226.js]
[citwabbnk.online/wp-includes/js/dist/vendor/regenerator-runtime.min6c85.js]
[citwabbnk.online/wp-includes/js/dist/vendor/wp-polyfill.min2c7c.js]
[citwabbnk.online/wp-includes/js/dist/dom-ready.min5346.js]
[citwabbnk.online/wp-content/plugins/astra-sites/inc/lib/onboarding/assets/dist/template-preview/maina11c.js]
[citwabbnk.online/wp-content/plugins/pro-elements/assets/js/webpack-pro.runtime.min5829.js]
[citwabbnk.online/wp-content/plugins/elementor/assets/js/webpack.runtime.min3cad.js]
[citwabbnk.online/wp-includes/js/jquery/jquery.minf43b.js]
[citwabbnk.online/wp-includes/js/jquery/jquery-migrate.min5589.js]
[citwabbnk.online/wp-content/plugins/elementor/assets/js/frontend-modules.min3cad.js]
[citwabbnk.online/wp-includes/js/dist/hooks.min2757.js]
[citwabbnk.online/wp-includes/js/dist/i18n.minc33c.js]
[citwabbnk.online/wp-content/plugins/pro-elements/assets/js/frontend.min5829.js]
[citwabbnk.online/wp-content/plugins/elementor/assets/lib/waypoints/waypoints.min05da.js]
[citwabbnk.online/wp-includes/js/jquery/ui/core.min3f14.js]
[citwabbnk.online/wp-content/plugins/elementor/assets/js/frontend.min3cad.js]
[citwabbnk.online/wp-content/plugins/pro-elements/assets/js/elements-handlers.min5829.js]
[citwabbnk.online/wp-includes/js/underscore.mind584.js]
[citwabbnk.online/wp-includes/js/wp-util.min380f.js]
[citwabbnk.online/wp-content/plugins/wpforms-lite/assets/js/integrations/elementor/frontend.min8cb8.js]
[citwabbnk.online/01-2/index.html]
[citwabbnk.online/wp-content/themes/astra/assets/css/minified/main.min1849.css]
[citwabbnk.online/wp-content/plugins/elementor/assets/css/frontend-lite.min3cad.css]
[citwabbnk.online/wp-content/plugins/elementor/assets/lib/swiper/v8/css/swiper.min94a4.css]
[citwabbnk.online/wp-content/uploads/elementor/css/post-726ffa6.css]
[citwabbnk.online/wp-content/plugins/pro-elements/assets/css/frontend-lite.min5829.css]
[citwabbnk.online/wp-content/plugins/elementor/assets/lib/font-awesome/css/all.min3cad.css]
[citwabbnk.online/wp-content/plugins/elementor/assets/lib/font-awesome/css/v4-shims.min3cad.css]
[citwabbnk.online/wp-content/uploads/elementor/css/post-1085dfe1.css]
[citwabbnk.online/wp-content/plugins/elementor/assets/lib/font-awesome/js/v4-shims.min3cad.js]
[citwabbnk.online/wp-content/themes/astra/assets/js/minified/frontend.min1849.js]
[citwabbnk.online/wp-includes/js/dist/vendor/wp-polyfill-inert.min0226.js]
[citwabbnk.online/wp-includes/js/dist/vendor/regenerator-runtime.min6c85.js]
[citwabbnk.online/wp-includes/js/dist/vendor/wp-polyfill.min2c7c.js]
[citwabbnk.online/wp-includes/js/dist/dom-ready.min5346.js]
[citwabbnk.online/wp-content/plugins/astra-sites/inc/lib/onboarding/assets/dist/template-preview/maina11c.js]
[citwabbnk.online/wp-content/plugins/pro-elements/assets/js/webpack-pro.runtime.min5829.js]
[citwabbnk.online/wp-content/plugins/elementor/assets/js/webpack.runtime.min3cad.js]
[citwabbnk.online/wp-includes/js/jquery/jquery.minf43b.js]
[citwabbnk.online/wp-includes/js/jquery/jquery-migrate.min5589.js]
[citwabbnk.online/wp-content/plugins/elementor/assets/js/frontend-modules.min3cad.js]
[citwabbnk.online/wp-includes/js/dist/hooks.min2757.js]
[citwabbnk.online/wp-includes/js/dist/i18n.minc33c.js]
[citwabbnk.online/wp-content/plugins/pro-elements/assets/js/frontend.min5829.js]
[citwabbnk.online/wp-content/plugins/elementor/assets/lib/waypoints/waypoints.min05da.js]
[citwabbnk.online/wp-includes/js/jquery/ui/core.min3f14.js]
[citwabbnk.online/01-2/Trident/index.html]
[citwabbnk.online/01-2/-negative.20.delayed]
[citwabbnk.online/wp-content/plugins/elementor/assets/js/frontend.min3cad.js]
[citwabbnk.online/01-2/OPR/index.html]
[citwabbnk.online/01-2/window.location.href]
[citwabbnk.online/wp-content/plugins/pro-elements/assets/js/elements-handlers.min5829.js]
[citwabbnk.online/wp-includes/js/underscore.mind584.js]
[citwabbnk.online/wp-includes/js/wp-util.min380f.js]
[citwabbnk.online/wp-content/plugins/wpforms-lite/assets/js/integrations/elementor/frontend.min8cb8.js]
[citwabbnk.online/01-2/Trident/index.html]
[citwabbnk.online/01-2/-negative.html]
[citwabbnk.online/01-2/OPR/index.html]
[citwabbnk.online/01-2/window.location.html]
